                                           The SAS System       15:37 Thursday, October 13, 2011  77

                                     
                                     ƒƒƒƒƒƒƒƒƒƒƒƒƒƒƒƒƒƒƒƒƒƒƒƒƒƒ
                                     %ADSTK1(0.7071,02);       
                                     %ADSTK1(0.8409,04);       
                                     %ADSTK1(0.8909,06);       
                                     %ADSTK1(0.917,08);        
                                     %ADSTK1(0.933,10);        
                                     %ADSTK1(0.9439,12);       
                                     %ADSTK1(0.9517,14);       
                                     %ADSTK1(0.9576,16);       
                                     %ADSTK1(0.9659,20);       
                                     %ADSTK1(0.9715,24);       
                                           The SAS System       15:37 Thursday, October 13, 2011  78

                                           
                                           ƒƒƒƒƒƒƒƒƒƒƒƒƒƒ
                                           %ADSTK_2(02); 
                                           %ADSTK_2(04); 
                                           %ADSTK_2(06); 
                                           %ADSTK_2(08); 
                                           %ADSTK_2(10); 
                                           %ADSTK_2(12); 
                                           %ADSTK_2(14); 
                                           %ADSTK_2(16); 
                                           %ADSTK_2(20); 
                                           %ADSTK_2(24); 
                                           The SAS System       15:37 Thursday, October 13, 2011  79

                                         The FREQ Procedure

                                                       Cumulative    Cumulative
                     INSET    Frequency     Percent     Frequency      Percent
                     ƒƒƒƒƒƒƒƒƒƒƒƒƒƒƒƒƒƒƒƒƒƒƒƒƒƒƒƒƒƒƒƒƒƒƒƒƒƒƒƒƒƒƒƒƒƒƒƒƒƒƒƒƒƒƒƒƒƒ
                        11        6300      100.00          6300       100.00  
